// Jest Snapshot v1, https://goo.gl/fbAQLP

exports[`The <StationNav/> component renders correctly 1`] = `
<DocumentFragment>
  <div
    class="stationNav"
  >
    <nav>
      <ul>
        <li>
          <button
            aria-label="back button"
            class="iconButton"
            data-testid="nav-btn"
            style="width: 20px; height: 20px;"
          >
            <img
              alt="back-icon-btn"
              src="back-arrow.png"
            />
          </button>
        </li>
        <li>
          Stations
        </li>
        <li>
          <button
            aria-label="power button"
            class="iconButton"
            data-testid="nav-btn"
            style="width: 20px; height: 20px;"
          >
            <img
              alt="power-icon-btn"
              src="switch.png"
            />
          </button>
        </li>
      </ul>
    </nav>
  </div>
</DocumentFragment>
`;
